Equity:Initial: -100 JPY
Expenses:Grocery: 100 JPY
